
nikhi@Nikhil MINGW64 ~/OneDrive/Consultadd training/Assignments
$ git clone https://github.com/nthakk05/InnovationPython_Nikhil.git
Cloning into 'InnovationPython_Nikhil'...
warning: You appear to have cloned an empty repository.

nikhi@Nikhil MINGW64 ~/OneDrive/Consultadd training/Assignments
$ cd InnovationPython_Nikhil/

nikhi@Nikhil MINGW64 ~/OneDrive/Consultadd training/Assignments/InnovationPython_Nikhil (master)
$ mkdir gitlocal

nikhi@Nikhil MINGW64 ~/OneDrive/Consultadd training/Assignments/InnovationPython_Nikhil (master)
$ cd gitlocal/

nikhi@Nikhil MINGW64 ~/OneDrive/Consultadd training/Assignments/InnovationPython_Nikhil/gitlocal (master)
$ git status
On branch master

No commits yet

Untracked files:
  (use "git add <file>..." to include in what will be committed)
        ./

nothing added to commit but untracked files present (use "git add" to track)

nikhi@Nikhil MINGW64 ~/OneDrive/Consultadd training/Assignments/InnovationPython_Nikhil/gitlocal (master)
$ git add .

nikhi@Nikhil MINGW64 ~/OneDrive/Consultadd training/Assignments/InnovationPython_Nikhil/gitlocal (master)
$ git status
On branch master

No commits yet

Changes to be committed:
  (use "git rm --cached <file>..." to unstage)
        new file:   NikhilThakkar.md.txt


nikhi@Nikhil MINGW64 ~/OneDrive/Consultadd training/Assignments/InnovationPython_Nikhil/gitlocal (master)
$ git push --set-upstream origin master
error: src refspec master does not match any
error: failed to push some refs to 'https://github.com/nthakk05/InnovationPython
_Nikhil.git'

nikhi@Nikhil MINGW64 ~/OneDrive/Consultadd training/Assignments/InnovationPython_Nikhil/gitlocal (master)
$ git pull origin master
fatal: couldn't find remote ref master

nikhi@Nikhil MINGW64 ~/OneDrive/Consultadd training/Assignments/InnovationPython_Nikhil/gitlocal (master)
$ git pull origin master https://github.com/nthakk05/InnovationPython_Nikhil.git
fatal: invalid refspec 'https://github.com/nthakk05/InnovationPython_Nikhil.git'


nikhi@Nikhil MINGW64 ~/OneDrive/Consultadd training/Assignments/InnovationPython_Nikhil/gitlocal (master)
$ git remote add origin "https://github.com/nthakk05/InnovationPython_Nikhil.git"
fatal: remote origin already exists.

nikhi@Nikhil MINGW64 ~/OneDrive/Consultadd training/Assignments/InnovationPython_Nikhil/gitlocal (master)
$ git status
On branch master

No commits yet

Changes to be committed:
  (use "git rm --cached <file>..." to unstage)
        new file:   NikhilThakkar.md.txt


nikhi@Nikhil MINGW64 ~/OneDrive/Consultadd training/Assignments/InnovationPython_Nikhil/gitlocal (master)
$ git add NikhilThakkar.md
fatal: pathspec 'NikhilThakkar.md' did not match any files

nikhi@Nikhil MINGW64 ~/OneDrive/Consultadd training/Assignments/InnovationPython_Nikhil/gitlocal (master)
$ git add README.md
fatal: pathspec 'README.md' did not match any files

nikhi@Nikhil MINGW64 ~/OneDrive/Consultadd training/Assignments/InnovationPython_Nikhil/gitlocal (master)
$ git add README.md
fatal: pathspec 'README.md' did not match any files

nikhi@Nikhil MINGW64 ~/OneDrive/Consultadd training/Assignments/InnovationPython_Nikhil/gitlocal (master)
$ git init
Initialized empty Git repository in C:/Users/nikhi/OneDrive/Consultadd training/
Assignments/InnovationPython_Nikhil/gitlocal/.git/

nikhi@Nikhil MINGW64 ~/OneDrive/Consultadd training/Assignments/InnovationPython_Nikhil/gitlocal (master)
$ git add README.md
fatal: pathspec 'README.md' did not match any files

nikhi@Nikhil MINGW64 ~/OneDrive/Consultadd training/Assignments/InnovationPython_Nikhil/gitlocal (master)
$ touch NikhilThakkar.md

nikhi@Nikhil MINGW64 ~/OneDrive/Consultadd training/Assignments/InnovationPython_Nikhil/gitlocal (master)
$ cd NikhilThakkar.md
bash: cd: NikhilThakkar.md: Not a directory

nikhi@Nikhil MINGW64 ~/OneDrive/Consultadd training/Assignments/InnovationPython_Nikhil/gitlocal (master)
$ echo "Hello" NikhilThakkar.md
Hello NikhilThakkar.md

nikhi@Nikhil MINGW64 ~/OneDrive/Consultadd training/Assignments/InnovationPython_Nikhil/gitlocal (master)
$ git status
On branch master

No commits yet

Untracked files:
  (use "git add <file>..." to include in what will be committed)
        NikhilThakkar.md

nothing added to commit but untracked files present (use "git add" to track)

nikhi@Nikhil MINGW64 ~/OneDrive/Consultadd training/Assignments/InnovationPython_Nikhil/gitlocal (master)
$ git add .

nikhi@Nikhil MINGW64 ~/OneDrive/Consultadd training/Assignments/InnovationPython_Nikhil/gitlocal (master)
$ git status
On branch master

No commits yet

Changes to be committed:
  (use "git rm --cached <file>..." to unstage)
        new file:   NikhilThakkar.md


nikhi@Nikhil MINGW64 ~/OneDrive/Consultadd training/Assignments/InnovationPython_Nikhil/gitlocal (master)
$ git commit -m "First Commit to Git Repo"
[master (root-commit) 4695123] First Commit to Git Repo
 1 file changed, 0 insertions(+), 0 deletions(-)
 create mode 100644 NikhilThakkar.md

nikhi@Nikhil MINGW64 ~/OneDrive/Consultadd training/Assignments/InnovationPython_Nikhil/gitlocal (master)
$ git push -u master
fatal: The current branch master has no upstream branch.
To push the current branch and set the remote as upstream, use

    git push --set-upstream master master


nikhi@Nikhil MINGW64 ~/OneDrive/Consultadd training/Assignments/InnovationPython_Nikhil/gitlocal (master)
$ git push -u main
fatal: The current branch master has no upstream branch.
To push the current branch and set the remote as upstream, use

    git push --set-upstream main master


nikhi@Nikhil MINGW64 ~/OneDrive/Consultadd training/Assignments/InnovationPython_Nikhil/gitlocal (master)
$ cd ..

nikhi@Nikhil MINGW64 ~/OneDrive/Consultadd training/Assignments/InnovationPython_Nikhil (master)
$ git status
On branch master

No commits yet

Changes to be committed:
  (use "git rm --cached <file>..." to unstage)
        new file:   gitlocal/NikhilThakkar.md.txt

Changes not staged for commit:
  (use "git add/rm <file>..." to update what will be committed)
  (use "git restore <file>..." to discard changes in working directory)
        deleted:    gitlocal/NikhilThakkar.md.txt

Untracked files:
  (use "git add <file>..." to include in what will be committed)
        gitlocal/NikhilThakkar.md


nikhi@Nikhil MINGW64 ~/OneDrive/Consultadd training/Assignments/InnovationPython_Nikhil (master)
$ git add .

nikhi@Nikhil MINGW64 ~/OneDrive/Consultadd training/Assignments/InnovationPython_Nikhil (master)
$ git status
On branch master

No commits yet

Changes to be committed:
  (use "git rm --cached <file>..." to unstage)
        new file:   gitlocal/NikhilThakkar.md


nikhi@Nikhil MINGW64 ~/OneDrive/Consultadd training/Assignments/InnovationPython_Nikhil (master)
$ git commit -m "First Commit to Git Repo"
[master (root-commit) 8eaa915] First Commit to Git Repo
 1 file changed, 0 insertions(+), 0 deletions(-)
 create mode 100644 gitlocal/NikhilThakkar.md

nikhi@Nikhil MINGW64 ~/OneDrive/Consultadd training/Assignments/InnovationPython_Nikhil (master)
$ git push -u origin master
Enumerating objects: 4, done.
Counting objects: 100% (4/4), done.
Writing objects: 100% (4/4), 276 bytes | 276.00 KiB/s, done.
Total 4 (delta 0), reused 0 (delta 0), pack-reused 0
To https://github.com/nthakk05/InnovationPython_Nikhil.git
 * [new branch]      master -> master
Branch 'master' set up to track remote branch 'master' from 'origin'.

nikhi@Nikhil MINGW64 ~/OneDrive/Consultadd training/Assignments/InnovationPython_Nikhil (master)
$ cd gitlocal/

nikhi@Nikhil MINGW64 ~/OneDrive/Consultadd training/Assignments/InnovationPython_Nikhil/gitlocal (master)
$ git pull
There is no tracking information for the current branch.
Please specify which branch you want to merge with.
See git-pull(1) for details.

    git pull <remote> <branch>

If you wish to set tracking information for this branch you can do so with:

    git branch --set-upstream-to=<remote>/<branch> master


nikhi@Nikhil MINGW64 ~/OneDrive/Consultadd training/Assignments/InnovationPython_Nikhil/gitlocal (master)
$ git remote add origin "https://github.com/nthakk05/InnovationPython_Nikhil.git"

nikhi@Nikhil MINGW64 ~/OneDrive/Consultadd training/Assignments/InnovationPython_Nikhil/gitlocal (master)
$ git pull
remote: Enumerating objects: 12, done.
remote: Counting objects: 100% (12/12), done.
remote: Compressing objects: 100% (4/4), done.
remote: Total 12 (delta 0), reused 4 (delta 0), pack-reused 0
Unpacking objects: 100% (12/12), 1.62 KiB | 23.00 KiB/s, done.
From https://github.com/nthakk05/InnovationPython_Nikhil
 * [new branch]      master     -> origin/master
There is no tracking information for the current branch.
Please specify which branch you want to merge with.
See git-pull(1) for details.

    git pull <remote> <branch>

If you wish to set tracking information for this branch you can do so with:

    git branch --set-upstream-to=origin/<branch> master


nikhi@Nikhil MINGW64 ~/OneDrive/Consultadd training/Assignments/InnovationPython_Nikhil/gitlocal (master)
$ git status
On branch master
nothing to commit, working tree clean

nikhi@Nikhil MINGW64 ~/OneDrive/Consultadd training/Assignments/InnovationPython_Nikhil/gitlocal (master)
$ git pull origin main
fatal: couldn't find remote ref main

nikhi@Nikhil MINGW64 ~/OneDrive/Consultadd training/Assignments/InnovationPython_Nikhil/gitlocal (master)
$ git pull origin master
From https://github.com/nthakk05/InnovationPython_Nikhil
 * branch            master     -> FETCH_HEAD
fatal: refusing to merge unrelated histories

nikhi@Nikhil MINGW64 ~/OneDrive/Consultadd training/Assignments/InnovationPython_Nikhil/gitlocal (master)
$ git pull gitlocal master
fatal: 'gitlocal' does not appear to be a git repository
fatal: Could not read from remote repository.

Please make sure you have the correct access rights
and the repository exists.

nikhi@Nikhil MINGW64 ~/OneDrive/Consultadd training/Assignments/InnovationPython_Nikhil/gitlocal (master)
$ git pull origin main
fatal: couldn't find remote ref main

nikhi@Nikhil MINGW64 ~/OneDrive/Consultadd training/Assignments/InnovationPython_Nikhil/gitlocal (master)
$ git pull origin master
From https://github.com/nthakk05/InnovationPython_Nikhil
 * branch            master     -> FETCH_HEAD
fatal: refusing to merge unrelated histories

nikhi@Nikhil MINGW64 ~/OneDrive/Consultadd training/Assignments/InnovationPython_Nikhil/gitlocal (master)
$ cd ..

nikhi@Nikhil MINGW64 ~/OneDrive/Consultadd training/Assignments/InnovationPython_Nikhil (master)
$ git init
Reinitialized existing Git repository in C:/Users/nikhi/OneDrive/Consultadd trai
ning/Assignments/InnovationPython_Nikhil/.git/

nikhi@Nikhil MINGW64 ~/OneDrive/Consultadd training/Assignments/InnovationPython_Nikhil (master)
$ cd gitlocal/

nikhi@Nikhil MINGW64 ~/OneDrive/Consultadd training/Assignments/InnovationPython_Nikhil/gitlocal (master)
$ cd ..

nikhi@Nikhil MINGW64 ~/OneDrive/Consultadd training/Assignments/InnovationPython_Nikhil (master)
$ git pull origin master
remote: Enumerating objects: 11, done.
remote: Counting objects: 100% (11/11), done.
remote: Compressing objects: 100% (3/3), done.
remote: Total 8 (delta 0), reused 0 (delta 0), pack-reused 0
Unpacking objects: 100% (8/8), 1.38 KiB | 24.00 KiB/s, done.
From https://github.com/nthakk05/InnovationPython_Nikhil
 * branch            master     -> FETCH_HEAD
   8eaa915..e3a64db  master     -> origin/master
Updating 8eaa915..e3a64db
Fast-forward
 gitlocal/NikhilThakkar.md | 1 +
 gitlocal/demo.txt         | 1 +
 2 files changed, 2 insertions(+)
 create mode 100644 gitlocal/demo.txt

nikhi@Nikhil MINGW64 ~/OneDrive/Consultadd training/Assignments/InnovationPython_Nikhil (master)
$ git branch developer

nikhi@Nikhil MINGW64 ~/OneDrive/Consultadd training/Assignments/InnovationPython_Nikhil (master)
$ git chekout developer
git: 'chekout' is not a git command. See 'git --help'.

The most similar command is
        checkout

nikhi@Nikhil MINGW64 ~/OneDrive/Consultadd training/Assignments/InnovationPython_Nikhil (master)
$ git checkout developer
Switched to branch 'developer'

nikhi@Nikhil MINGW64 ~/OneDrive/Consultadd training/Assignments/InnovationPython_Nikhil (developer)
$ git status
On branch developer
Changes not staged for commit:
  (use "git add <file>..." to update what will be committed)
  (use "git restore <file>..." to discard changes in working directory)
        modified:   gitlocal/demo.txt

no changes added to commit (use "git add" and/or "git commit -a")

nikhi@Nikhil MINGW64 ~/OneDrive/Consultadd training/Assignments/InnovationPython_Nikhil (developer)
$ git commit -m "Commit from developer branch"
On branch developer
Changes not staged for commit:
  (use "git add <file>..." to update what will be committed)
  (use "git restore <file>..." to discard changes in working directory)
        modified:   gitlocal/demo.txt

no changes added to commit (use "git add" and/or "git commit -a")

nikhi@Nikhil MINGW64 ~/OneDrive/Consultadd training/Assignments/InnovationPython_Nikhil (developer)
$ git add .

nikhi@Nikhil MINGW64 ~/OneDrive/Consultadd training/Assignments/InnovationPython_Nikhil (developer)
$ git commit -m "Commit from developer branch"
[developer 06e750c] Commit from developer branch
 1 file changed, 2 insertions(+), 1 deletion(-)

nikhi@Nikhil MINGW64 ~/OneDrive/Consultadd training/Assignments/InnovationPython_Nikhil (developer)
$ git push -u origin developer
Enumerating objects: 7, done.
Counting objects: 100% (7/7), done.
Delta compression using up to 4 threads
Compressing objects: 100% (2/2), done.
Writing objects: 100% (4/4), 376 bytes | 376.00 KiB/s, done.
Total 4 (delta 0), reused 0 (delta 0), pack-reused 0
remote:
remote: Create a pull request for 'developer' on GitHub by visiting:
remote:      https://github.com/nthakk05/InnovationPython_Nikhil/pull/new/develo
per
remote:
To https://github.com/nthakk05/InnovationPython_Nikhil.git
 * [new branch]      developer -> developer
Branch 'developer' set up to track remote branch 'developer' from 'origin'.